
11-09 22:34:44.739: W/ViewRootImpl(15133): Dropping event due to no window focus: KeyEvent { action=ACTION_DOWN, keyCode=KEYCODE_VOLUME_DOWN, scanCode=0, metaState=0, flags=0x8, repeatCount=0, eventTime=54452660, downTime=54452660, deviceId=-1, source=0x101 }
11-09 22:34:45.570: W/InputMethodManagerService(526): Window already focused, ignoring focus gain of: com.android.internal.view.IInputMethodClient$Stub$Proxy@4311e5b0 attribute=null, token = android.os.BinderProxy@42e63288
11-09 22:34:47.712: W/ContextImpl(526): Calling a method in the system process without a qualified user: android.app.ContextImpl.startActivity:939 com.android.internal.policy.impl.PhoneWindowManager.interceptKeyBeforeDispatching:2149 com.android.server.wm.InputMonitor.interceptKeyBeforeDispatching:352 com.android.server.input.InputManagerService.interceptKeyBeforeDispatching:1329 dalvik.system.NativeStart.run:-2 
11-09 22:34:47.722: W/ContextImpl(526): Calling a method in the system process without a qualified user: android.app.ContextImpl.startActivity:951 android.app.ContextImpl.startActivity:940 com.android.internal.policy.impl.PhoneWindowManager.interceptKeyBeforeDispatching:2149 com.android.server.wm.InputMonitor.interceptKeyBeforeDispatching:352 com.android.server.input.InputManagerService.interceptKeyBeforeDispatching:1329 
11-09 22:34:48.874: W/ViewRootImpl(15133): Dropping event due to no window focus: KeyEvent { action=ACTION_DOWN, keyCode=KEYCODE_DPAD_UP, scanCode=0, metaState=0, flags=0x400, repeatCount=0, eventTime=54457274, downTime=54457274, deviceId=-1, source=0x101 }
11-09 22:34:48.874: W/ViewRootImpl(15133): Dropping event due to no window focus: KeyEvent { action=ACTION_DOWN, keyCode=KEYCODE_DPAD_UP, scanCode=0, metaState=0, flags=0x400, repeatCount=0, eventTime=54457274, downTime=54457274, deviceId=-1, source=0x101 }
11-09 22:34:48.874: W/ViewRootImpl(15133): Dropping event due to no window focus: KeyEvent { action=ACTION_DOWN, keyCode=KEYCODE_DPAD_CENTER, scanCode=0, metaState=0, flags=0x400, repeatCount=0, eventTime=54457275, downTime=54457275, deviceId=-1, source=0x101 }
11-09 22:34:48.874: W/ViewRootImpl(15133): Dropping event due to no window focus: KeyEvent { action=ACTION_MULTIPLE, keyCode=KEYCODE_DPAD_UP, scanCode=0, metaState=0, flags=0x400, repeatCount=2, eventTime=54457275, downTime=54457275, deviceId=-1, source=0x101 }
11-09 22:34:48.874: W/ViewRootImpl(15133): Dropping event due to no window focus: KeyEvent { action=ACTION_DOWN, keyCode=KEYCODE_DPAD_UP, scanCode=0, metaState=0, flags=0x400, repeatCount=0, eventTime=54457275, downTime=54457275, deviceId=-1, source=0x101 }
11-09 22:34:48.874: W/ViewRootImpl(15133): Dropping event due to no window focus: KeyEvent { action=ACTION_DOWN, keyCode=KEYCODE_DPAD_UP, scanCode=0, metaState=0, flags=0x400, repeatCount=0, eventTime=54457275, downTime=54457275, deviceId=-1, source=0x101 }
11-09 22:34:48.874: W/ViewRootImpl(15133): Dropping event due to no window focus: KeyEvent { action=ACTION_DOWN, keyCode=KEYCODE_DPAD_UP, scanCode=0, metaState=0, flags=0x400, repeatCount=0, eventTime=54457275, downTime=54457275, deviceId=-1, source=0x101 }
11-09 22:34:48.974: W/ViewRootImpl(15133): Dropping event due to no window focus: KeyEvent { action=ACTION_DOWN, keyCode=KEYCODE_MENU, scanCode=0, metaState=0, flags=0x8, repeatCount=0, eventTime=54457134, downTime=54457134, deviceId=-1, source=0x101 }
11-09 22:34:52.307: W/ViewRootImpl(15133): Dropping event due to no window focus: KeyEvent { action=ACTION_DOWN, keyCode=KEYCODE_DPAD_CENTER, scanCode=0, metaState=0, flags=0x8, repeatCount=0, eventTime=54459969, downTime=54459969, deviceId=-1, source=0x101 }
11-09 22:34:52.507: W/ViewRootImpl(15133): Dropping event due to no window focus: KeyEvent { action=ACTION_DOWN, keyCode=KEYCODE_DPAD_RIGHT, scanCode=0, metaState=0, flags=0x400, repeatCount=0, eventTime=54460913, downTime=54460913, deviceId=-1, source=0x101 }
11-09 22:34:52.517: W/ViewRootImpl(15133): Dropping event due to no window focus: MotionEvent { action=ACTION_MOVE, id[0]=0, x[0]=2.0, y[0]=4.0, toolType[0]=TOOL_TYPE_UNKNOWN, buttonState=0, metaState=0, flags=0x0, edgeFlags=0x0, pointerCount=1, historySize=5, eventTime=54460902, downTime=-1, deviceId=0, source=0x10004 }
11-09 22:34:52.748: W/ViewRootImpl(15133): Dropping event due to no window focus: KeyEvent { action=ACTION_DOWN, keyCode=KEYCODE_DPAD_DOWN, scanCode=0, metaState=0, flags=0x8, repeatCount=0, eventTime=54461056, downTime=54461056, deviceId=-1, source=0x101 }
11-09 22:34:52.768: W/ViewRootImpl(15133): Dropping event due to no window focus: KeyEvent { action=ACTION_DOWN, keyCode=KEYCODE_MENU, scanCode=0, metaState=0, flags=0x8, repeatCount=0, eventTime=54461159, downTime=54461159, deviceId=-1, source=0x101 }
11-09 22:34:53.759: W/ViewRootImpl(526): Dropping event due to no window focus: KeyEvent { action=ACTION_DOWN, keyCode=KEYCODE_BUTTON_11, scanCode=0, metaState=0, flags=0x8, repeatCount=0, eventTime=54462117, downTime=54462117, deviceId=-1, source=0x101 }
11-09 22:34:53.839: W/InputMethodManagerService(526): Window already focused, ignoring focus gain of: com.android.internal.view.IInputMethodClient$Stub$Proxy@4303ec48 attribute=null, token = android.os.BinderProxy@4329b148
11-09 22:34:55.160: W/ContextImpl(526): Calling a method in the system process without a qualified user: android.app.ContextImpl.startActivity:939 com.android.internal.policy.impl.PhoneWindowManager.interceptKeyBeforeDispatching:2149 com.android.server.wm.InputMonitor.interceptKeyBeforeDispatching:352 com.android.server.input.InputManagerService.interceptKeyBeforeDispatching:1329 dalvik.system.NativeStart.run:-2 
11-09 22:34:55.170: W/ContextImpl(526): Calling a method in the system process without a qualified user: android.app.ContextImpl.startActivity:951 android.app.ContextImpl.startActivity:940 com.android.internal.policy.impl.PhoneWindowManager.interceptKeyBeforeDispatching:2149 com.android.server.wm.InputMonitor.interceptKeyBeforeDispatching:352 com.android.server.input.InputManagerService.interceptKeyBeforeDispatching:1329 
11-09 22:34:55.381: W/ContextImpl(526): Calling a method in the system process without a qualified user: android.app.ContextImpl.startActivity:939 com.android.internal.policy.impl.PhoneWindowManager.interceptKeyBeforeDispatching:2149 com.android.server.wm.InputMonitor.interceptKeyBeforeDispatching:352 com.android.server.input.InputManagerService.interceptKeyBeforeDispatching:1329 dalvik.system.NativeStart.run:-2 
11-09 22:34:55.381: W/ContextImpl(526): Calling a method in the system process without a qualified user: android.app.ContextImpl.startActivity:951 android.app.ContextImpl.startActivity:940 com.android.internal.policy.impl.PhoneWindowManager.interceptKeyBeforeDispatching:2149 com.android.server.wm.InputMonitor.interceptKeyBeforeDispatching:352 com.android.server.input.InputManagerService.interceptKeyBeforeDispatching:1329 
11-09 22:34:55.951: W/ContextImpl(526): Calling a method in the system process without a qualified user: android.app.ContextImpl.startActivity:939 com.android.internal.policy.impl.PhoneWindowManager.interceptKeyBeforeDispatching:2149 com.android.server.wm.InputMonitor.interceptKeyBeforeDispatching:352 com.android.server.input.InputManagerService.interceptKeyBeforeDispatching:1329 dalvik.system.NativeStart.run:-2 
11-09 22:34:55.951: W/ContextImpl(526): Calling a method in the system process without a qualified user: android.app.ContextImpl.startActivity:951 android.app.ContextImpl.startActivity:940 com.android.internal.policy.impl.PhoneWindowManager.interceptKeyBeforeDispatching:2149 com.android.server.wm.InputMonitor.interceptKeyBeforeDispatching:352 com.android.server.input.InputManagerService.interceptKeyBeforeDispatching:1329 
11-09 22:34:57.683: W/ViewRootImpl(15133): Dropping event due to no window focus: KeyEvent { action=ACTION_DOWN, keyCode=KEYCODE_DPAD_UP, scanCode=0, metaState=0, flags=0x400, repeatCount=0, eventTime=54466020, downTime=54466020, deviceId=-1, source=0x101 }
11-09 22:34:57.683: W/ViewRootImpl(15133): Dropping event due to no window focus: KeyEvent { action=ACTION_DOWN, keyCode=KEYCODE_DPAD_UP, scanCode=0, metaState=0, flags=0x400, repeatCount=0, eventTime=54466020, downTime=54466020, deviceId=-1, source=0x101 }
11-09 22:34:57.763: W/ViewRootImpl(15133): Dropping event due to no window focus: MotionEvent { action=ACTION_MOVE, id[0]=0, x[0]=4.0, y[0]=-3.0, toolType[0]=TOOL_TYPE_UNKNOWN, buttonState=0, metaState=0, flags=0x0, edgeFlags=0x0, pointerCount=1, historySize=0, eventTime=54465962, downTime=-1, deviceId=0, source=0x10004 }
11-09 22:34:57.783: W/ViewRootImpl(15133): Dropping event due to no window focus: KeyEvent { action=ACTION_DOWN, keyCode=KEYCODE_DPAD_DOWN, scanCode=0, metaState=0, flags=0x8, repeatCount=0, eventTime=54466124, downTime=54466124, deviceId=-1, source=0x101 }
11-09 22:34:59.265: W/InputManager(526): Input event injection from pid 15441 failed.
11-09 22:35:00.116: W/ContextImpl(526): Calling a method in the system process without a qualified user: android.app.ContextImpl.startActivity:939 com.android.internal.policy.impl.PhoneWindowManager.interceptKeyBeforeDispatching:2149 com.android.server.wm.InputMonitor.interceptKeyBeforeDispatching:352 com.android.server.input.InputManagerService.interceptKeyBeforeDispatching:1329 dalvik.system.NativeStart.run:-2 
11-09 22:35:00.116: W/ContextImpl(526): Calling a method in the system process without a qualified user: android.app.ContextImpl.startActivity:951 android.app.ContextImpl.startActivity:940 com.android.internal.policy.impl.PhoneWindowManager.interceptKeyBeforeDispatching:2149 com.android.server.wm.InputMonitor.interceptKeyBeforeDispatching:352 com.android.server.input.InputManagerService.interceptKeyBeforeDispatching:1329 
11-09 22:35:01.507: W/ViewRootImpl(15133): Dropping event due to no window focus: KeyEvent { action=ACTION_DOWN, keyCode=KEYCODE_DPAD_RIGHT, scanCode=0, metaState=0, flags=0x8, repeatCount=0, eventTime=54469893, downTime=54469893, deviceId=-1, source=0x101 }
11-09 22:35:01.507: W/ViewRootImpl(15133): Dropping event due to no window focus: KeyEvent { action=ACTION_DOWN, keyCode=KEYCODE_DPAD_CENTER, scanCode=0, metaState=0, flags=0x8, repeatCount=0, eventTime=54469914, downTime=54469914, deviceId=-1, source=0x101 }
11-09 22:35:01.507: W/ViewRootImpl(15133): Dropping event due to no window focus: KeyEvent { action=ACTION_DOWN, keyCode=KEYCODE_MENU, scanCode=0, metaState=0, flags=0x8, repeatCount=0, eventTime=54469917, downTime=54469917, deviceId=-1, source=0x101 }
11-09 22:35:01.557: W/ViewRootImpl(15133): Dropping event due to no window focus: KeyEvent { action=ACTION_DOWN, keyCode=KEYCODE_DPAD_UP, scanCode=0, metaState=0, flags=0x8, repeatCount=0, eventTime=54469919, downTime=54469919, deviceId=-1, source=0x101 }
11-09 22:35:04.130: W/ContextImpl(526): Calling a method in the system process without a qualified user: android.app.ContextImpl.startActivity:939 com.android.internal.policy.impl.PhoneWindowManager.interceptKeyBeforeDispatching:2149 com.android.server.wm.InputMonitor.interceptKeyBeforeDispatching:352 com.android.server.input.InputManagerService.interceptKeyBeforeDispatching:1329 dalvik.system.NativeStart.run:-2 
11-09 22:35:04.130: W/ContextImpl(526): Calling a method in the system process without a qualified user: android.app.ContextImpl.startActivity:951 android.app.ContextImpl.startActivity:940 com.android.internal.policy.impl.PhoneWindowManager.interceptKeyBeforeDispatching:2149 com.android.server.wm.InputMonitor.interceptKeyBeforeDispatching:352 com.android.server.input.InputManagerService.interceptKeyBeforeDispatching:1329 
11-09 22:35:05.261: W/ViewRootImpl(15133): Dropping event due to no window focus: KeyEvent { action=ACTION_DOWN, keyCode=KEYCODE_DPAD_RIGHT, scanCode=0, metaState=0, flags=0x8, repeatCount=0, eventTime=54473629, downTime=54473629, deviceId=-1, source=0x101 }
11-09 22:35:05.281: W/ViewRootImpl(641): Dropping event due to no window focus: KeyEvent { action=ACTION_DOWN, keyCode=KEYCODE_DPAD_CENTER, scanCode=0, metaState=0, flags=0x8, repeatCount=0, eventTime=54473645, downTime=54473645, deviceId=-1, source=0x101 }
11-09 22:35:05.321: W/ViewRootImpl(641): Dropping event due to no window focus: KeyEvent { action=ACTION_DOWN, keyCode=KEYCODE_DPAD_RIGHT, scanCode=0, metaState=0, flags=0x8, repeatCount=0, eventTime=54473692, downTime=54473692, deviceId=-1, source=0x101 }
11-09 22:35:06.332: W/ViewRootImpl(641): Dropping event due to no window focus: KeyEvent { action=ACTION_DOWN, keyCode=KEYCODE_DPAD_UP, scanCode=0, metaState=0, flags=0x8, repeatCount=0, eventTime=54474691, downTime=54474691, deviceId=-1, source=0x101 }
11-09 22:35:06.332: W/ViewRootImpl(641): Dropping event due to no window focus: KeyEvent { action=ACTION_DOWN, keyCode=KEYCODE_CLEAR, scanCode=0, metaState=0, flags=0x8, repeatCount=0, eventTime=54474743, downTime=54474743, deviceId=-1, source=0x101 }
11-09 22:35:06.362: W/ViewRootImpl(641): Dropping event due to no window focus: KeyEvent { action=ACTION_DOWN, keyCode=KEYCODE_RIGHT_BRACKET, scanCode=0, metaState=0, flags=0x8, repeatCount=0, eventTime=54474755, downTime=54474755, deviceId=-1, source=0x101 }
11-09 22:35:06.372: W/ViewRootImpl(641): Dropping event due to no window focus: KeyEvent { action=ACTION_DOWN, keyCode=KEYCODE_DPAD_UP, scanCode=0, metaState=0, flags=0x8, repeatCount=0, eventTime=54474776, downTime=54474776, deviceId=-1, source=0x101 }
11-09 22:35:06.372: W/ViewRootImpl(15133): Dropping event due to no window focus: KeyEvent { action=ACTION_DOWN, keyCode=KEYCODE_6, scanCode=0, metaState=0, flags=0x6, repeatCount=0, eventTime=54474785, downTime=54474785, deviceId=-1, source=0x0 }
11-09 22:35:06.612: W/ViewRootImpl(641): Dropping event due to root view being removed: KeyEvent { action=ACTION_DOWN, keyCode=KEYCODE_DPAD_LEFT, scanCode=0, metaState=0, flags=0x400, repeatCount=0, eventTime=54474973, downTime=54474973, deviceId=-1, source=0x101 }
11-09 22:35:06.612: W/ViewRootImpl(641): Dropping event due to root view being removed: KeyEvent { action=ACTION_UP, keyCode=KEYCODE_DPAD_LEFT, scanCode=0, metaState=0, flags=0x400, repeatCount=0, eventTime=54474973, downTime=54474973, deviceId=-1, source=0x101 }
11-09 22:35:06.612: W/ViewRootImpl(641): Dropping event due to root view being removed: KeyEvent { action=ACTION_DOWN, keyCode=KEYCODE_DPAD_LEFT, scanCode=0, metaState=0, flags=0x400, repeatCount=0, eventTime=54474973, downTime=54474973, deviceId=-1, source=0x101 }
11-09 22:35:06.612: W/ViewRootImpl(641): Dropping event due to root view being removed: KeyEvent { action=ACTION_UP, keyCode=KEYCODE_DPAD_LEFT, scanCode=0, metaState=0, flags=0x400, repeatCount=0, eventTime=54474973, downTime=54474973, deviceId=-1, source=0x101 }
11-09 22:35:06.612: W/ViewRootImpl(641): Dropping event due to root view being removed: KeyEvent { action=ACTION_DOWN, keyCode=KEYCODE_DPAD_LEFT, scanCode=0, metaState=0, flags=0x400, repeatCount=0, eventTime=54474973, downTime=54474973, deviceId=-1, source=0x101 }
11-09 22:35:06.612: W/ViewRootImpl(641): Dropping event due to root view being removed: KeyEvent { action=ACTION_UP, keyCode=KEYCODE_DPAD_LEFT, scanCode=0, metaState=0, flags=0x400, repeatCount=0, eventTime=54474973, downTime=54474973, deviceId=-1, source=0x101 }
11-09 22:35:06.823: W/ViewRootImpl(15133): Dropping event due to no window focus: KeyEvent { action=ACTION_DOWN, keyCode=KEYCODE_DPAD_LEFT, scanCode=0, metaState=0, flags=0x8, repeatCount=0, eventTime=54475217, downTime=54475217, deviceId=-1, source=0x101 }
11-09 22:35:09.095: W/ContextImpl(526): Calling a method in the system process without a qualified user: android.app.ContextImpl.startActivity:939 com.android.internal.policy.impl.PhoneWindowManager.interceptKeyBeforeDispatching:2149 com.android.server.wm.InputMonitor.interceptKeyBeforeDispatching:352 com.android.server.input.InputManagerService.interceptKeyBeforeDispatching:1329 dalvik.system.NativeStart.run:-2 
11-09 22:35:09.095: W/ContextImpl(526): Calling a method in the system process without a qualified user: android.app.ContextImpl.startActivity:951 android.app.ContextImpl.startActivity:940 com.android.internal.policy.impl.PhoneWindowManager.interceptKeyBeforeDispatching:2149 com.android.server.wm.InputMonitor.interceptKeyBeforeDispatching:352 com.android.server.input.InputManagerService.interceptKeyBeforeDispatching:1329 
11-09 22:35:23.340: W/InputManager(526): Input event injection from pid 15441 failed.
11-09 22:35:24.141: W/ContextImpl(526): Calling a method in the system process without a qualified user: android.app.ContextImpl.startActivity:939 com.android.internal.policy.impl.PhoneWindowManager.interceptKeyBeforeDispatching:2149 com.android.server.wm.InputMonitor.interceptKeyBeforeDispatching:352 com.android.server.input.InputManagerService.interceptKeyBeforeDispatching:1329 dalvik.system.NativeStart.run:-2 
11-09 22:35:24.141: W/ContextImpl(526): Calling a method in the system process without a qualified user: android.app.ContextImpl.startActivity:951 android.app.ContextImpl.startActivity:940 com.android.internal.policy.impl.PhoneWindowManager.interceptKeyBeforeDispatching:2149 com.android.server.wm.InputMonitor.interceptKeyBeforeDispatching:352 com.android.server.input.InputManagerService.interceptKeyBeforeDispatching:1329 
11-09 22:35:24.712: W/ContextImpl(526): Calling a method in the system process without a qualified user: android.app.ContextImpl.startActivity:939 com.android.internal.policy.impl.PhoneWindowManager.interceptKeyBeforeDispatching:2149 com.android.server.wm.InputMonitor.interceptKeyBeforeDispatching:352 com.android.server.input.InputManagerService.interceptKeyBeforeDispatching:1329 dalvik.system.NativeStart.run:-2 
11-09 22:35:24.712: W/ContextImpl(526): Calling a method in the system process without a qualified user: android.app.ContextImpl.startActivity:951 android.app.ContextImpl.startActivity:940 com.android.internal.policy.impl.PhoneWindowManager.interceptKeyBeforeDispatching:2149 com.android.server.wm.InputMonitor.interceptKeyBeforeDispatching:352 com.android.server.input.InputManagerService.interceptKeyBeforeDispatching:1329 
11-09 22:35:26.133: W/ViewRootImpl(641): Dropping event due to no window focus: KeyEvent { action=ACTION_DOWN, keyCode=KEYCODE_DPAD_LEFT, scanCode=0, metaState=0, flags=0x8, repeatCount=0, eventTime=54494484, downTime=54494484, deviceId=-1, source=0x101 }
11-09 22:35:26.233: W/ViewRootImpl(641): Dropping event due to no window focus: KeyEvent { action=ACTION_DOWN, keyCode=KEYCODE_SETTINGS, scanCode=0, metaState=0, flags=0x8, repeatCount=0, eventTime=54494542, downTime=54494542, deviceId=-1, source=0x101 }
11-09 22:35:27.645: W/InputMethodManagerService(526): Window already focused, ignoring focus gain of: com.android.internal.view.IInputMethodClient$Stub$Proxy@42f13c58 attribute=android.view.inputmethod.EditorInfo@42ef1788, token = android.os.BinderProxy@432bd8c8
11-09 22:35:29.727: W/InputMethodManagerService(526): Ignoring setImeWindowStatus of uid 1000 token: android.os.Binder@431db2d8
11-09 22:35:30.368: W/InputMethodManagerService(526): Ignoring setImeWindowStatus of uid 1000 token: android.os.Binder@42d52888
11-09 22:35:32.670: W/ContextImpl(526): Calling a method in the system process without a qualified user: android.app.ContextImpl.startActivity:939 com.android.internal.policy.impl.PhoneWindowManager.interceptKeyBeforeDispatching:2149 com.android.server.wm.InputMonitor.interceptKeyBeforeDispatching:352 com.android.server.input.InputManagerService.interceptKeyBeforeDispatching:1329 dalvik.system.NativeStart.run:-2 
11-09 22:35:32.670: W/ContextImpl(526): Calling a method in the system process without a qualified user: android.app.ContextImpl.startActivity:951 android.app.ContextImpl.startActivity:940 com.android.internal.policy.impl.PhoneWindowManager.interceptKeyBeforeDispatching:2149 com.android.server.wm.InputMonitor.interceptKeyBeforeDispatching:352 com.android.server.input.InputManagerService.interceptKeyBeforeDispatching:1329 
11-09 22:35:33.321: W/ContextImpl(526): Calling a method in the system process without a qualified user: android.app.ContextImpl.startActivity:939 com.android.internal.policy.impl.PhoneWindowManager.interceptKeyBeforeDispatching:2149 com.android.server.wm.InputMonitor.interceptKeyBeforeDispatching:352 com.android.server.input.InputManagerService.interceptKeyBeforeDispatching:1329 dalvik.system.NativeStart.run:-2 
11-09 22:35:33.321: W/ContextImpl(526): Calling a method in the system process without a qualified user: android.app.ContextImpl.startActivity:951 android.app.ContextImpl.startActivity:940 com.android.internal.policy.impl.PhoneWindowManager.interceptKeyBeforeDispatching:2149 com.android.server.wm.InputMonitor.interceptKeyBeforeDispatching:352 com.android.server.input.InputManagerService.interceptKeyBeforeDispatching:1329 
11-09 22:35:33.952: W/DefContainer(14424): Failed to parse package
11-09 22:35:33.952: W/ActivityManager(526): No content provider found for permission revoke: file:///test.apk
11-09 22:35:34.763: W/ContextImpl(526): Calling a method in the system process without a qualified user: android.app.ContextImpl.startActivity:939 com.android.internal.policy.impl.PhoneWindowManager.interceptKeyBeforeDispatching:2149 com.android.server.wm.InputMonitor.interceptKeyBeforeDispatching:352 com.android.server.input.InputManagerService.interceptKeyBeforeDispatching:1329 dalvik.system.NativeStart.run:-2 
11-09 22:35:34.763: W/ContextImpl(526): Calling a method in the system process without a qualified user: android.app.ContextImpl.startActivity:951 android.app.ContextImpl.startActivity:940 com.android.internal.policy.impl.PhoneWindowManager.interceptKeyBeforeDispatching:2149 com.android.server.wm.InputMonitor.interceptKeyBeforeDispatching:352 com.android.server.input.InputManagerService.interceptKeyBeforeDispatching:1329 
11-09 22:35:35.563: W/ActivityManager(526): Duplicate finish request for ActivityRecord{429755a8 u0 com.wandoujia.phoenix2.usbproxy/com.wandoujia.phoenix2.ui.WelcomeActivity}
11-09 22:35:35.583: W/InputMethodManagerService(526): Window already focused, ignoring focus gain of: com.android.internal.view.IInputMethodClient$Stub$Proxy@42d04120 attribute=android.view.inputmethod.EditorInfo@42cd1db0, token = android.os.BinderProxy@432bd8c8
11-09 22:35:37.315: W/ActivityManager(526): Permission denied: checkComponentPermission() owningUid=10074
11-09 22:35:37.315: W/ActivityManager(526): Permission denied: checkComponentPermission() owningUid=10074
11-09 22:35:37.315: W/ActivityManager(526): Permission Denial: opening provider com.wandoujia.phoenix2.providers.PhoenixProvider from ProcessRecord{42d0c7a8 8884:com.wandoujia.phoenix2.usbproxy/u0a10099} (pid=8884, uid=10099) that is not exported from uid 10074
11-09 22:35:54.183: W/ContextImpl(526): Calling a method in the system process without a qualified user: android.app.ContextImpl.startActivity:939 com.android.internal.policy.impl.PhoneWindowManager.interceptKeyBeforeDispatching:2149 com.android.server.wm.InputMonitor.interceptKeyBeforeDispatching:352 com.android.server.input.InputManagerService.interceptKeyBeforeDispatching:1329 dalvik.system.NativeStart.run:-2 
11-09 22:35:54.183: W/ContextImpl(526): Calling a method in the system process without a qualified user: android.app.ContextImpl.startActivity:951 android.app.ContextImpl.startActivity:940 com.android.internal.policy.impl.PhoneWindowManager.interceptKeyBeforeDispatching:2149 com.android.server.wm.InputMonitor.interceptKeyBeforeDispatching:352 com.android.server.input.InputManagerService.interceptKeyBeforeDispatching:1329 
11-09 22:35:57.517: W/ContextImpl(526): Calling a method in the system process without a qualified user: android.app.ContextImpl.startActivity:939 com.android.internal.policy.impl.PhoneWindowManager.interceptKeyBeforeDispatching:2149 com.android.server.wm.InputMonitor.interceptKeyBeforeDispatching:352 com.android.server.input.InputManagerService.interceptKeyBeforeDispatching:1329 dalvik.system.NativeStart.run:-2 
11-09 22:35:57.517: W/ContextImpl(526): Calling a method in the system process without a qualified user: android.app.ContextImpl.startActivity:951 android.app.ContextImpl.startActivity:940 com.android.internal.policy.impl.PhoneWindowManager.interceptKeyBeforeDispatching:2149 com.android.server.wm.InputMonitor.interceptKeyBeforeDispatching:352 com.android.server.input.InputManagerService.interceptKeyBeforeDispatching:1329 
11-09 22:36:06.376: W/ViewRootImpl(641): Dropping event due to no window focus: KeyEvent { action=ACTION_DOWN, keyCode=KEYCODE_DPAD_UP, scanCode=0, metaState=0, flags=0x8, repeatCount=0, eventTime=54534740, downTime=54534740, deviceId=-1, source=0x101 }
11-09 22:36:07.117: W/InputMethodManagerService(526): Ignoring showInputMethodPickerFromClient of uid 1000: com.android.internal.view.IInputMethodClient$Stub$Proxy@433c5760
11-09 22:36:07.157: W/ContextImpl(526): Calling a method in the system process without a qualified user: android.app.ContextImpl.startActivity:939 com.android.internal.policy.impl.PhoneWindowManager.interceptKeyBeforeDispatching:2149 com.android.server.wm.InputMonitor.interceptKeyBeforeDispatching:352 com.android.server.input.InputManagerService.interceptKeyBeforeDispatching:1329 dalvik.system.NativeStart.run:-2 
11-09 22:36:07.157: W/ContextImpl(526): Calling a method in the system process without a qualified user: android.app.ContextImpl.startActivity:951 android.app.ContextImpl.startActivity:940 com.android.internal.policy.impl.PhoneWindowManager.interceptKeyBeforeDispatching:2149 com.android.server.wm.InputMonitor.interceptKeyBeforeDispatching:352 com.android.server.input.InputManagerService.interceptKeyBeforeDispatching:1329 
11-09 22:36:07.167: W/InputMethodManagerService(526): Ignoring showInputMethodPickerFromClient of uid 1000: com.android.internal.view.IInputMethodClient$Stub$Proxy@437629b0
11-09 22:36:07.598: W/ViewRootImpl(526): Dropping event due to no window focus: KeyEvent { action=ACTION_DOWN, keyCode=KEYCODE_DPAD_RIGHT, scanCode=0, metaState=0, flags=0x8, repeatCount=0, eventTime=54535999, downTime=54535999, deviceId=-1, source=0x101 }
11-09 22:36:07.638: W/ContextImpl(526): Calling a method in the system process without a qualified user: android.app.ContextImpl.startActivity:939 com.android.internal.policy.impl.PhoneWindowManager.interceptKeyBeforeDispatching:2149 com.android.server.wm.InputMonitor.interceptKeyBeforeDispatching:352 com.android.server.input.InputManagerService.interceptKeyBeforeDispatching:1329 dalvik.system.NativeStart.run:-2 
11-09 22:36:07.638: W/ContextImpl(526): Calling a method in the system process without a qualified user: android.app.ContextImpl.startActivity:951 android.app.ContextImpl.startActivity:940 com.android.internal.policy.impl.PhoneWindowManager.interceptKeyBeforeDispatching:2149 com.android.server.wm.InputMonitor.interceptKeyBeforeDispatching:352 com.android.server.input.InputManagerService.interceptKeyBeforeDispatching:1329 
11-09 22:36:07.638: W/IntentResolver(526): resolveIntent failed: found match, but none with Intent.CATEGORY_DEFAULT
11-09 22:36:07.648: W/InputMethodManagerService(526): Window already focused, ignoring focus gain of: com.android.internal.view.IInputMethodClient$Stub$Proxy@4395a0e8 attribute=null, token = android.os.BinderProxy@432bd8c8
11-09 22:36:07.648: W/WindowManager(526): Dropping application launch key because the activity to which it is registered was not found: keyCode=64, category=android.intent.category.APP_BROWSER
11-09 22:36:07.648: W/WindowManager(526): android.content.ActivityNotFoundException: No Activity found to handle Intent { act=android.intent.action.MAIN cat=[android.intent.category.LAUNCHER] flg=0x10000000 sel={act=android.intent.action.MAIN cat=[android.intent.category.APP_BROWSER]} }
11-09 22:36:07.648: W/WindowManager(526): 	at android.app.Instrumentation.checkStartActivityResult(Instrumentation.java:1632)
11-09 22:36:07.648: W/WindowManager(526): 	at android.app.Instrumentation.execStartActivity(Instrumentation.java:1424)
11-09 22:36:07.648: W/WindowManager(526): 	at android.app.ContextImpl.startActivity(ContextImpl.java:958)
11-09 22:36:07.648: W/WindowManager(526): 	at android.app.ContextImpl.startActivity(ContextImpl.java:940)
11-09 22:36:07.648: W/WindowManager(526): 	at com.android.internal.policy.impl.PhoneWindowManager.interceptKeyBeforeDispatching(PhoneWindowManager.java:2149)
11-09 22:36:07.648: W/WindowManager(526): 	at com.android.server.wm.InputMonitor.interceptKeyBeforeDispatching(InputMonitor.java:352)
11-09 22:36:07.648: W/WindowManager(526): 	at com.android.server.input.InputManagerService.interceptKeyBeforeDispatching(InputManagerService.java:1329)
11-09 22:36:07.648: W/WindowManager(526): 	at dalvik.system.NativeStart.run(Native Method)
11-09 22:36:10.791: W/ViewRootImpl(641): Dropping event due to no window focus: KeyEvent { action=ACTION_DOWN, keyCode=KEYCODE_DPAD_DOWN, scanCode=0, metaState=0, flags=0x8, repeatCount=0, eventTime=54539176, downTime=54539176, deviceId=-1, source=0x101 }
11-09 22:36:10.811: W/ViewRootImpl(641): Dropping event due to no window focus: KeyEvent { action=ACTION_DOWN, keyCode=KEYCODE_DPAD_RIGHT, scanCode=0, metaState=0, flags=0x8, repeatCount=0, eventTime=54539203, downTime=54539203, deviceId=-1, source=0x101 }
11-09 22:36:10.811: W/ViewRootImpl(641): Dropping event due to no window focus: KeyEvent { action=ACTION_DOWN, keyCode=KEYCODE_MENU, scanCode=0, metaState=0, flags=0x8, repeatCount=0, eventTime=54539221, downTime=54539221, deviceId=-1, source=0x101 }
11-09 22:36:10.901: W/ViewRootImpl(15133): Dropping event due to no window focus: KeyEvent { action=ACTION_DOWN, keyCode=KEYCODE_MENU, scanCode=0, metaState=0, flags=0x8, repeatCount=0, eventTime=54539312, downTime=54539312, deviceId=-1, source=0x101 }
11-09 22:36:10.901: W/ViewRootImpl(15133): Dropping event due to no window focus: KeyEvent { action=ACTION_DOWN, keyCode=KEYCODE_DPAD_LEFT, scanCode=0, metaState=0, flags=0x8, repeatCount=0, eventTime=54539317, downTime=54539317, deviceId=-1, source=0x101 }
11-09 22:36:10.921: W/ViewRootImpl(15133): Dropping event due to no window focus: MotionEvent { action=ACTION_MOVE, id[0]=0, x[0]=-4.0, y[0]=0.0, toolType[0]=TOOL_TYPE_UNKNOWN, buttonState=0, metaState=0, flags=0x0, edgeFlags=0x0, pointerCount=1, historySize=5, eventTime=54539322, downTime=-1, deviceId=0, source=0x10004 }
11-09 22:36:10.931: W/InputMethodManagerService(526): Window already focused, ignoring focus gain of: com.android.internal.view.IInputMethodClient$Stub$Proxy@430ade08 attribute=null, token = android.os.BinderProxy@432bd8c8
11-09 22:36:25.357: W/ContextImpl(526): Calling a method in the system process without a qualified user: android.app.ContextImpl.startActivity:939 com.android.internal.policy.impl.PhoneWindowManager.interceptKeyBeforeDispatching:2149 com.android.server.wm.InputMonitor.interceptKeyBeforeDispatching:352 com.android.server.input.InputManagerService.interceptKeyBeforeDispatching:1329 dalvik.system.NativeStart.run:-2 
11-09 22:36:25.357: W/ContextImpl(526): Calling a method in the system process without a qualified user: android.app.ContextImpl.startActivity:951 android.app.ContextImpl.startActivity:940 com.android.internal.policy.impl.PhoneWindowManager.interceptKeyBeforeDispatching:2149 com.android.server.wm.InputMonitor.interceptKeyBeforeDispatching:352 com.android.server.input.InputManagerService.interceptKeyBeforeDispatching:1329 
11-09 22:36:32.394: W/InputManager(526): Input event injection from pid 16132 failed.
11-09 22:36:36.188: W/ContextImpl(526): Calling a method in the system process without a qualified user: android.app.ContextImpl.startActivity:939 com.android.internal.policy.impl.PhoneWindowManager.interceptKeyBeforeDispatching:2149 com.android.server.wm.InputMonitor.interceptKeyBeforeDispatching:352 com.android.server.input.InputManagerService.interceptKeyBeforeDispatching:1329 dalvik.system.NativeStart.run:-2 
11-09 22:36:36.188: W/ContextImpl(526): Calling a method in the system process without a qualified user: android.app.ContextImpl.startActivity:951 android.app.ContextImpl.startActivity:940 com.android.internal.policy.impl.PhoneWindowManager.interceptKeyBeforeDispatching:2149 com.android.server.wm.InputMonitor.interceptKeyBeforeDispatching:352 com.android.server.input.InputManagerService.interceptKeyBeforeDispatching:1329 
11-09 22:36:40.172: W/ContextImpl(526): Calling a method in the system process without a qualified user: android.app.ContextImpl.startActivity:939 com.android.internal.policy.impl.PhoneWindowManager.interceptKeyBeforeDispatching:2149 com.android.server.wm.InputMonitor.interceptKeyBeforeDispatching:352 com.android.server.input.InputManagerService.interceptKeyBeforeDispatching:1329 dalvik.system.NativeStart.run:-2 
11-09 22:36:40.172: W/ContextImpl(526): Calling a method in the system process without a qualified user: android.app.ContextImpl.startActivity:951 android.app.ContextImpl.startActivity:940 com.android.internal.policy.impl.PhoneWindowManager.interceptKeyBeforeDispatching:2149 com.android.server.wm.InputMonitor.interceptKeyBeforeDispatching:352 com.android.server.input.InputManagerService.interceptKeyBeforeDispatching:1329 
11-09 22:36:40.172: W/IntentResolver(526): resolveIntent failed: found match, but none with Intent.CATEGORY_DEFAULT
11-09 22:36:40.172: W/WindowManager(526): Dropping application launch key because the activity to which it is registered was not found: keyCode=64, category=android.intent.category.APP_BROWSER
11-09 22:36:40.172: W/WindowManager(526): android.content.ActivityNotFoundException: No Activity found to handle Intent { act=android.intent.action.MAIN cat=[android.intent.category.LAUNCHER] flg=0x10000000 sel={act=android.intent.action.MAIN cat=[android.intent.category.APP_BROWSER]} }
11-09 22:36:40.172: W/WindowManager(526): 	at android.app.Instrumentation.checkStartActivityResult(Instrumentation.java:1632)
11-09 22:36:40.172: W/WindowManager(526): 	at android.app.Instrumentation.execStartActivity(Instrumentation.java:1424)
11-09 22:36:40.172: W/WindowManager(526): 	at android.app.ContextImpl.startActivity(ContextImpl.java:958)
11-09 22:36:40.172: W/WindowManager(526): 	at android.app.ContextImpl.startActivity(ContextImpl.java:940)
11-09 22:36:40.172: W/WindowManager(526): 	at com.android.internal.policy.impl.PhoneWindowManager.interceptKeyBeforeDispatching(PhoneWindowManager.java:2149)
11-09 22:36:40.172: W/WindowManager(526): 	at com.android.server.wm.InputMonitor.interceptKeyBeforeDispatching(InputMonitor.java:352)
11-09 22:36:40.172: W/WindowManager(526): 	at com.android.server.input.InputManagerService.interceptKeyBeforeDispatching(InputManagerService.java:1329)
11-09 22:36:40.172: W/WindowManager(526): 	at dalvik.system.NativeStart.run(Native Method)
11-09 22:36:40.232: W/ContextImpl(526): Calling a method in the system process without a qualified user: android.app.ContextImpl.startActivity:939 com.android.internal.policy.impl.PhoneWindowManager.interceptKeyBeforeDispatching:2149 com.android.server.wm.InputMonitor.interceptKeyBeforeDispatching:352 com.android.server.input.InputManagerService.interceptKeyBeforeDispatching:1329 dalvik.system.NativeStart.run:-2 
11-09 22:36:40.242: W/ContextImpl(526): Calling a method in the system process without a qualified user: android.app.ContextImpl.startActivity:951 android.app.ContextImpl.startActivity:940 com.android.internal.policy.impl.PhoneWindowManager.interceptKeyBeforeDispatching:2149 com.android.server.wm.InputMonitor.interceptKeyBeforeDispatching:352 com.android.server.input.InputManagerService.interceptKeyBeforeDispatching:1329 
11-09 22:36:42.455: W/ProcessStats(526): Skipping unknown process pid 16541
11-09 22:36:42.455: W/ProcessStats(526): Skipping unknown process pid 16543
11-09 22:36:48.511: W/ContextImpl(526): Calling a method in the system process without a qualified user: android.app.ContextImpl.startActivity:939 com.android.internal.policy.impl.PhoneWindowManager.interceptKeyBeforeDispatching:2149 com.android.server.wm.InputMonitor.interceptKeyBeforeDispatching:352 com.android.server.input.InputManagerService.interceptKeyBeforeDispatching:1329 dalvik.system.NativeStart.run:-2 
11-09 22:36:48.521: W/ContextImpl(526): Calling a method in the system process without a qualified user: android.app.ContextImpl.startActivity:951 android.app.ContextImpl.startActivity:940 com.android.internal.policy.impl.PhoneWindowManager.interceptKeyBeforeDispatching:2149 com.android.server.wm.InputMonitor.interceptKeyBeforeDispatching:352 com.android.server.input.InputManagerService.interceptKeyBeforeDispatching:1329 
11-09 22:36:48.521: W/IntentResolver(526): resolveIntent failed: found match, but none with Intent.CATEGORY_DEFAULT
11-09 22:36:48.521: W/WindowManager(526): Dropping application launch key because the activity to which it is registered was not found: keyCode=64, category=android.intent.category.APP_BROWSER
11-09 22:36:48.521: W/WindowManager(526): android.content.ActivityNotFoundException: No Activity found to handle Intent { act=android.intent.action.MAIN cat=[android.intent.category.LAUNCHER] flg=0x10000000 sel={act=android.intent.action.MAIN cat=[android.intent.category.APP_BROWSER]} }
11-09 22:36:48.521: W/WindowManager(526): 	at android.app.Instrumentation.checkStartActivityResult(Instrumentation.java:1632)
11-09 22:36:48.521: W/WindowManager(526): 	at android.app.Instrumentation.execStartActivity(Instrumentation.java:1424)
11-09 22:36:48.521: W/WindowManager(526): 	at android.app.ContextImpl.startActivity(ContextImpl.java:958)
11-09 22:36:48.521: W/WindowManager(526): 	at android.app.ContextImpl.startActivity(ContextImpl.java:940)
11-09 22:36:48.521: W/WindowManager(526): 	at com.android.internal.policy.impl.PhoneWindowManager.interceptKeyBeforeDispatching(PhoneWindowManager.java:2149)
11-09 22:36:48.521: W/WindowManager(526): 	at com.android.server.wm.InputMonitor.interceptKeyBeforeDispatching(InputMonitor.java:352)
11-09 22:36:48.521: W/WindowManager(526): 	at com.android.server.input.InputManagerService.interceptKeyBeforeDispatching(InputManagerService.java:1329)
11-09 22:36:48.521: W/WindowManager(526): 	at dalvik.system.NativeStart.run(Native Method)
11-09 22:37:05.119: W/ViewRootImpl(526): Dropping event due to no window focus: KeyEvent { action=ACTION_DOWN, keyCode=KEYCODE_MENU, scanCode=0, metaState=0, flags=0x8, repeatCount=0, eventTime=54593493, downTime=54593493, deviceId=-1, source=0x101 }
11-09 22:37:05.129: W/ViewRootImpl(526): Dropping event due to no window focus: MotionEvent { action=ACTION_MOVE, id[0]=0, x[0]=2.0, y[0]=-1.0, toolType[0]=TOOL_TYPE_UNKNOWN, buttonState=0, metaState=0, flags=0x0, edgeFlags=0x0, pointerCount=1, historySize=9, eventTime=54593527, downTime=-1, deviceId=0, source=0x10004 }
11-09 22:37:05.129: W/ViewRootImpl(526): Dropping event due to no window focus: KeyEvent { action=ACTION_DOWN, keyCode=KEYCODE_MEDIA_CLOSE, scanCode=0, metaState=0, flags=0x8, repeatCount=0, eventTime=54593528, downTime=54593528, deviceId=-1, source=0x101 }
11-09 22:37:05.199: W/ViewRootImpl(526): Dropping event due to no window focus: KeyEvent { action=ACTION_DOWN, keyCode=KEYCODE_DPAD_UP, scanCode=0, metaState=0, flags=0x8, repeatCount=0, eventTime=54593540, downTime=54593540, deviceId=-1, source=0x101 }
11-09 22:37:05.359: W/InputMethodManagerService(526): Window already focused, ignoring focus gain of: com.android.internal.view.IInputMethodClient$Stub$Proxy@433c9148 attribute=android.view.inputmethod.EditorInfo@433c9180, token = android.os.BinderProxy@432bd8c8
11-09 22:37:11.266: W/ContextImpl(526): Calling a method in the system process without a qualified user: android.app.ContextImpl.startActivity:939 com.android.internal.policy.impl.PhoneWindowManager.interceptKeyBeforeDispatching:2149 com.android.server.wm.InputMonitor.interceptKeyBeforeDispatching:352 com.android.server.input.InputManagerService.interceptKeyBeforeDispatching:1329 dalvik.system.NativeStart.run:-2 
11-09 22:37:11.266: W/ContextImpl(526): Calling a method in the system process without a qualified user: android.app.ContextImpl.startActivity:951 android.app.ContextImpl.startActivity:940 com.android.internal.policy.impl.PhoneWindowManager.interceptKeyBeforeDispatching:2149 com.android.server.wm.InputMonitor.interceptKeyBeforeDispatching:352 com.android.server.input.InputManagerService.interceptKeyBeforeDispatching:1329 
11-09 22:37:11.266: W/IntentResolver(526): resolveIntent failed: found match, but none with Intent.CATEGORY_DEFAULT
11-09 22:37:11.266: W/WindowManager(526): Dropping application launch key because the activity to which it is registered was not found: keyCode=64, category=android.intent.category.APP_BROWSER
11-09 22:37:11.266: W/WindowManager(526): android.content.ActivityNotFoundException: No Activity found to handle Intent { act=android.intent.action.MAIN cat=[android.intent.category.LAUNCHER] flg=0x10000000 sel={act=android.intent.action.MAIN cat=[android.intent.category.APP_BROWSER]} }
11-09 22:37:11.266: W/WindowManager(526): 	at android.app.Instrumentation.checkStartActivityResult(Instrumentation.java:1632)
11-09 22:37:11.266: W/WindowManager(526): 	at android.app.Instrumentation.execStartActivity(Instrumentation.java:1424)
11-09 22:37:11.266: W/WindowManager(526): 	at android.app.ContextImpl.startActivity(ContextImpl.java:958)
11-09 22:37:11.266: W/WindowManager(526): 	at android.app.ContextImpl.startActivity(ContextImpl.java:940)
11-09 22:37:11.266: W/WindowManager(526): 	at com.android.internal.policy.impl.PhoneWindowManager.interceptKeyBeforeDispatching(PhoneWindowManager.java:2149)
11-09 22:37:11.266: W/WindowManager(526): 	at com.android.server.wm.InputMonitor.interceptKeyBeforeDispatching(InputMonitor.java:352)
11-09 22:37:11.266: W/WindowManager(526): 	at com.android.server.input.InputManagerService.interceptKeyBeforeDispatching(InputManagerService.java:1329)
11-09 22:37:11.266: W/WindowManager(526): 	at dalvik.system.NativeStart.run(Native Method)
11-09 22:37:11.716: W/ContextImpl(526): Calling a method in the system process without a qualified user: android.app.ContextImpl.startActivity:939 com.android.internal.policy.impl.PhoneWindowManager.interceptKeyBeforeDispatching:2149 com.android.server.wm.InputMonitor.interceptKeyBeforeDispatching:352 com.android.server.input.InputManagerService.interceptKeyBeforeDispatching:1329 dalvik.system.NativeStart.run:-2 
11-09 22:37:11.716: W/ContextImpl(526): Calling a method in the system process without a qualified user: android.app.ContextImpl.startActivity:951 android.app.ContextImpl.startActivity:940 com.android.internal.policy.impl.PhoneWindowManager.interceptKeyBeforeDispatching:2149 com.android.server.wm.InputMonitor.interceptKeyBeforeDispatching:352 com.android.server.input.InputManagerService.interceptKeyBeforeDispatching:1329 
11-09 22:37:13.027: W/ContextImpl(526): Calling a method in the system process without a qualified user: android.app.ContextImpl.startActivity:939 com.android.internal.policy.impl.PhoneWindowManager.interceptKeyBeforeDispatching:2149 com.android.server.wm.InputMonitor.interceptKeyBeforeDispatching:352 com.android.server.input.InputManagerService.interceptKeyBeforeDispatching:1329 dalvik.system.NativeStart.run:-2 
11-09 22:37:13.037: W/ContextImpl(526): Calling a method in the system process without a qualified user: android.app.ContextImpl.startActivity:951 android.app.ContextImpl.startActivity:940 com.android.internal.policy.impl.PhoneWindowManager.interceptKeyBeforeDispatching:2149 com.android.server.wm.InputMonitor.interceptKeyBeforeDispatching:352 com.android.server.input.InputManagerService.interceptKeyBeforeDispatching:1329 
11-09 22:37:16.671: W/ContextImpl(526): Calling a method in the system process without a qualified user: android.app.ContextImpl.startActivity:939 com.android.internal.policy.impl.PhoneWindowManager.interceptKeyBeforeDispatching:2149 com.android.server.wm.InputMonitor.interceptKeyBeforeDispatching:352 com.android.server.input.InputManagerService.interceptKeyBeforeDispatching:1329 dalvik.system.NativeStart.run:-2 
11-09 22:37:16.671: W/ContextImpl(526): Calling a method in the system process without a qualified user: android.app.ContextImpl.startActivity:951 android.app.ContextImpl.startActivity:940 com.android.internal.policy.impl.PhoneWindowManager.interceptKeyBeforeDispatching:2149 com.android.server.wm.InputMonitor.interceptKeyBeforeDispatching:352 com.android.server.input.InputManagerService.interceptKeyBeforeDispatching:1329 
11-09 22:37:21.897: W/ContextImpl(526): Calling a method in the system process without a qualified user: android.app.ContextImpl.startActivity:939 com.android.internal.policy.impl.PhoneWindowManager.interceptKeyBeforeDispatching:2149 com.android.server.wm.InputMonitor.interceptKeyBeforeDispatching:352 com.android.server.input.InputManagerService.interceptKeyBeforeDispatching:1329 dalvik.system.NativeStart.run:-2 
11-09 22:37:21.897: W/ContextImpl(526): Calling a method in the system process without a qualified user: android.app.ContextImpl.startActivity:951 android.app.ContextImpl.startActivity:940 com.android.internal.policy.impl.PhoneWindowManager.interceptKeyBeforeDispatching:2149 com.android.server.wm.InputMonitor.interceptKeyBeforeDispatching:352 com.android.server.input.InputManagerService.interceptKeyBeforeDispatching:1329 
11-09 22:37:21.937: W/ContextImpl(526): Calling a method in the system process without a qualified user: android.app.ContextImpl.startActivity:939 com.android.internal.policy.impl.PhoneWindowManager.interceptKeyBeforeDispatching:2149 com.android.server.wm.InputMonitor.interceptKeyBeforeDispatching:352 com.android.server.input.InputManagerService.interceptKeyBeforeDispatching:1329 dalvik.system.NativeStart.run:-2 
11-09 22:37:21.937: W/ContextImpl(526): Calling a method in the system process without a qualified user: android.app.ContextImpl.startActivity:951 android.app.ContextImpl.startActivity:940 com.android.internal.policy.impl.PhoneWindowManager.interceptKeyBeforeDispatching:2149 com.android.server.wm.InputMonitor.interceptKeyBeforeDispatching:352 com.android.server.input.InputManagerService.interceptKeyBeforeDispatching:1329 
11-09 22:37:23.068: W/InputManager(526): Input event injection from pid 16132 failed.
11-09 22:37:30.136: W/ContextImpl(526): Calling a method in the system process without a qualified user: android.app.ContextImpl.startActivity:939 com.android.internal.policy.impl.PhoneWindowManager.interceptKeyBeforeDispatching:2149 com.android.server.wm.InputMonitor.interceptKeyBeforeDispatching:352 com.android.server.input.InputManagerService.interceptKeyBeforeDispatching:1329 dalvik.system.NativeStart.run:-2 
11-09 22:37:30.136: W/ContextImpl(526): Calling a method in the system process without a qualified user: android.app.ContextImpl.startActivity:951 android.app.ContextImpl.startActivity:940 com.android.internal.policy.impl.PhoneWindowManager.interceptKeyBeforeDispatching:2149 com.android.server.wm.InputMonitor.interceptKeyBeforeDispatching:352 com.android.server.input.InputManagerService.interceptKeyBeforeDispatching:1329 
11-09 22:37:31.127: W/InputMethodManagerService(526): Ignoring setImeWindowStatus of uid 1000 token: android.os.Binder@431f2230
11-09 22:37:31.127: W/InputMethodManagerService(526): Ignoring setImeWindowStatus of uid 1000 token: android.os.Binder@431f2230
11-09 22:37:31.127: W/InputMethodManagerService(526): Ignoring setImeWindowStatus of uid 1000 token: android.os.Binder@431f2230
11-09 22:37:31.317: W/ViewRootImpl(15133): Dropping event due to no window focus: KeyEvent { action=ACTION_DOWN, keyCode=KEYCODE_DPAD_DOWN, scanCode=0, metaState=0, flags=0x8, repeatCount=0, eventTime=54619721, downTime=54619721, deviceId=-1, source=0x101 }
11-09 22:37:32.468: W/ViewRootImpl(15133): Dropping event due to no window focus: KeyEvent { action=ACTION_DOWN, keyCode=KEYCODE_DPAD_UP, scanCode=0, metaState=0, flags=0x8, repeatCount=0, eventTime=54620856, downTime=54620856, deviceId=-1, source=0x101 }
11-09 22:37:37.554: W/ViewRootImpl(526): Dropping event due to no window focus: KeyEvent { action=ACTION_DOWN, keyCode=KEYCODE_DPAD_LEFT, scanCode=0, metaState=0, flags=0x8, repeatCount=0, eventTime=54625920, downTime=54625920, deviceId=-1, source=0x101 }
11-09 22:37:37.634: W/ViewRootImpl(526): Dropping event due to no window focus: KeyEvent { action=ACTION_DOWN, keyCode=KEYCODE_FOCUS, scanCode=0, metaState=0, flags=0x8, repeatCount=0, eventTime=54625970, downTime=54625970, deviceId=-1, source=0x101 }
11-09 22:37:37.864: W/InputMethodManagerService(526): Window already focused, ignoring focus gain of: com.android.internal.view.IInputMethodClient$Stub$Proxy@43328be0 attribute=android.view.inputmethod.EditorInfo@4332c198, token = android.os.BinderProxy@43778c68
11-09 22:37:42.409: W/ContextImpl(526): Calling a method in the system process without a qualified user: android.app.ContextImpl.startActivity:939 com.android.internal.policy.impl.PhoneWindowManager.interceptKeyBeforeDispatching:2149 com.android.server.wm.InputMonitor.interceptKeyBeforeDispatching:352 com.android.server.input.InputManagerService.interceptKeyBeforeDispatching:1329 dalvik.system.NativeStart.run:-2 
11-09 22:37:42.409: W/ContextImpl(526): Calling a method in the system process without a qualified user: android.app.ContextImpl.startActivity:951 android.app.ContextImpl.startActivity:940 com.android.internal.policy.impl.PhoneWindowManager.interceptKeyBeforeDispatching:2149 com.android.server.wm.InputMonitor.interceptKeyBeforeDispatching:352 com.android.server.input.InputManagerService.interceptKeyBeforeDispatching:1329 
11-09 22:37:46.813: W/ProcessStats(526): Skipping unknown process pid 17150
11-09 22:37:46.813: W/ProcessStats(526): Skipping unknown process pid 17152
11-09 22:37:46.813: W/ProcessStats(526): Skipping unknown process pid 17154
