11-09 23:40:48.421: W/ViewRootImpl(526): Dropping event due to no window focus: KeyEvent { action=ACTION_DOWN, keyCode=KEYCODE_DPAD_CENTER, scanCode=0, metaState=0, flags=0x8, repeatCount=0, eventTime=57108658, downTime=57108658, deviceId=-1, source=0x101 }
11-09 23:40:48.431: W/ViewRootImpl(526): Dropping event due to no window focus: KeyEvent { action=ACTION_DOWN, keyCode=KEYCODE_DPAD_RIGHT, scanCode=0, metaState=0, flags=0x8, repeatCount=0, eventTime=57108661, downTime=57108661, deviceId=-1, source=0x101 }
11-09 23:40:48.481: W/IInputConnectionWrapper(20286): sendKeyEvent on inactive InputConnection
11-09 23:40:48.481: W/IInputConnectionWrapper(20286): sendKeyEvent on inactive InputConnection
11-09 23:40:48.501: W/ViewRootImpl(526): Dropping event due to no window focus: KeyEvent { action=ACTION_DOWN, keyCode=KEYCODE_F11, scanCode=0, metaState=0, flags=0x8, repeatCount=0, eventTime=57108669, downTime=57108669, deviceId=-1, source=0x101 }
11-09 23:40:48.591: W/InputManager(526): Input event injection from pid 22185 failed.
11-09 23:40:48.591: W/InputManager(526): Input event injection from pid 22185 failed.
11-09 23:40:48.591: W/InputManager(526): Input event injection from pid 22185 failed.
11-09 23:40:48.591: W/InputManager(526): Input event injection from pid 22185 failed.
11-09 23:40:48.591: W/InputMethodManagerService(526): Window already focused, ignoring focus gain of: com.android.internal.view.IInputMethodClient$Stub$Proxy@4303fa98 attribute=null, token = android.os.BinderProxy@436b3ec8
11-09 23:40:49.142: W/IInputConnectionWrapper(20286): sendKeyEvent on inactive InputConnection
11-09 23:40:49.142: W/IInputConnectionWrapper(20286): sendKeyEvent on inactive InputConnection
11-09 23:40:49.142: W/IInputConnectionWrapper(20286): commitText on inactive InputConnection
11-09 23:40:49.192: W/InputManager(526): Input event injection from pid 22185 failed.
11-09 23:40:49.772: W/ContextImpl(526): Calling a method in the system process without a qualified user: android.app.ContextImpl.startActivity:939 com.android.internal.policy.impl.PhoneWindowManager.interceptKeyBeforeDispatching:2149 com.android.server.wm.InputMonitor.interceptKeyBeforeDispatching:352 com.android.server.input.InputManagerService.interceptKeyBeforeDispatching:1329 dalvik.system.NativeStart.run:-2 
11-09 23:40:49.782: W/ContextImpl(526): Calling a method in the system process without a qualified user: android.app.ContextImpl.startActivity:951 android.app.ContextImpl.startActivity:940 com.android.internal.policy.impl.PhoneWindowManager.interceptKeyBeforeDispatching:2149 com.android.server.wm.InputMonitor.interceptKeyBeforeDispatching:352 com.android.server.input.InputManagerService.interceptKeyBeforeDispatching:1329 
11-09 23:40:52.045: W/ContextImpl(526): Calling a method in the system process without a qualified user: android.app.ContextImpl.startActivity:939 com.android.internal.policy.impl.PhoneWindowManager.interceptKeyBeforeDispatching:2149 com.android.server.wm.InputMonitor.interceptKeyBeforeDispatching:352 com.android.server.input.InputManagerService.interceptKeyBeforeDispatching:1329 dalvik.system.NativeStart.run:-2 
11-09 23:40:52.045: W/ContextImpl(526): Calling a method in the system process without a qualified user: android.app.ContextImpl.startActivity:951 android.app.ContextImpl.startActivity:940 com.android.internal.policy.impl.PhoneWindowManager.interceptKeyBeforeDispatching:2149 com.android.server.wm.InputMonitor.interceptKeyBeforeDispatching:352 com.android.server.input.InputManagerService.interceptKeyBeforeDispatching:1329 
11-09 23:40:52.625: W/GAV2(22432): Thread[main,5,main]: Need to call initialize() and be in fallback mode to start dispatch.
11-09 23:40:52.725: W/ViewRootImpl(641): Dropping event due to no window focus: KeyEvent { action=ACTION_DOWN, keyCode=KEYCODE_DPAD_RIGHT, scanCode=0, metaState=0, flags=0x8, repeatCount=0, eventTime=57112890, downTime=57112890, deviceId=-1, source=0x101 }
11-09 23:40:52.746: W/ViewRootImpl(641): Dropping event due to no window focus: KeyEvent { action=ACTION_DOWN, keyCode=KEYCODE_DPAD_CENTER, scanCode=0, metaState=0, flags=0x8, repeatCount=0, eventTime=57112970, downTime=57112970, deviceId=-1, source=0x101 }
11-09 23:40:52.816: W/KeyguardViewMediator(526): verifyUnlock called when not externally disabled
11-09 23:40:53.316: E/ACDB-LOADER(174): Error: ACDB AudProc vol returned = -8
11-09 23:40:53.366: W/Sidekick_LocationOracleImpl(22432): Best location was null
11-09 23:40:53.366: W/KeyguardViewMediator(526): verifyUnlock called when not externally disabled
11-09 23:40:53.396: W/Sidekick_LocationOracleImpl(22432): Best location was null
11-09 23:40:53.406: W/KeyguardViewMediator(526): verifyUnlock called when not externally disabled
11-09 23:40:53.426: W/InputMethodManagerService(526): Ignoring showInputMethodPickerFromClient of uid 1000: com.android.internal.view.IInputMethodClient$Stub$Proxy@43408908
11-09 23:40:53.466: W/InputMethodManagerService(526): Ignoring showInputMethodPickerFromClient of uid 1000: com.android.internal.view.IInputMethodClient$Stub$Proxy@432c3c38
11-09 23:40:53.687: W/ViewRootImpl(526): Dropping event due to no window focus: KeyEvent { action=ACTION_DOWN, keyCode=KEYCODE_SOFT_RIGHT, scanCode=0, metaState=0, flags=0x8, repeatCount=0, eventTime=57113841, downTime=57113841, deviceId=-1, source=0x101 }
11-09 23:40:53.697: W/ViewRootImpl(526): Dropping event due to no window focus: KeyEvent { action=ACTION_DOWN, keyCode=KEYCODE_DPAD_UP, scanCode=0, metaState=0, flags=0x8, repeatCount=0, eventTime=57113928, downTime=57113928, deviceId=-1, source=0x101 }
11-09 23:40:53.797: W/ViewRootImpl(20286): Dropping event due to no window focus: KeyEvent { action=ACTION_DOWN, keyCode=KEYCODE_DPAD_RIGHT, scanCode=0, metaState=0, flags=0x8, repeatCount=0, eventTime=57114031, downTime=57114031, deviceId=-1, source=0x101 }
11-09 23:40:53.797: W/InputMethodManagerService(526): Window already focused, ignoring focus gain of: com.android.internal.view.IInputMethodClient$Stub$Proxy@42f91348 attribute=android.view.inputmethod.EditorInfo@42aa8f50, token = android.os.BinderProxy@436b3ec8
11-09 23:40:54.037: W/PairHttpConnection(22432): [Upload] Connection error
11-09 23:40:54.037: W/PairHttpConnection(22432): java.io.IOException: Timed out / error during connect
11-09 23:40:54.037: W/PairHttpConnection(22432): 	at com.google.android.speech.network.PairHttpConnection.connect(PairHttpConnection.java:132)
11-09 23:40:54.037: W/PairHttpConnection(22432): 	at com.google.android.speech.network.NetworkRecognitionRunner.runNetworkLoop(NetworkRecognitionRunner.java:219)
11-09 23:40:54.037: W/PairHttpConnection(22432): 	at com.google.android.speech.network.NetworkRecognitionRunner.access$000(NetworkRecognitionRunner.java:54)
11-09 23:40:54.037: W/PairHttpConnection(22432): 	at com.google.android.speech.network.NetworkRecognitionRunner$1.run(NetworkRecognitionRunner.java:73)
11-09 23:40:54.037: W/PairHttpConnection(22432): 	at java.util.concurrent.Executors$RunnableAdapter.call(Executors.java:390)
11-09 23:40:54.037: W/PairHttpConnection(22432): 	at java.util.concurrent.FutureTask.run(FutureTask.java:234)
11-09 23:40:54.037: W/PairHttpConnection(22432): 	at java.util.concurrent.ScheduledThreadPoolExecutor$ScheduledFutureTask.access$201(ScheduledThreadPoolExecutor.java:153)
11-09 23:40:54.037: W/PairHttpConnection(22432): 	at java.util.concurrent.ScheduledThreadPoolExecutor$ScheduledFutureTask.run(ScheduledThreadPoolExecutor.java:267)
11-09 23:40:54.037: W/PairHttpConnection(22432): 	at java.util.concurrent.ThreadPoolExecutor.runWorker(ThreadPoolExecutor.java:1080)
11-09 23:40:54.037: W/PairHttpConnection(22432): 	at java.util.concurrent.ThreadPoolExecutor$Worker.run(ThreadPoolExecutor.java:573)
11-09 23:40:54.037: W/PairHttpConnection(22432): 	at com.google.android.searchcommon.util.ConcurrentUtils$1$1.run(ConcurrentUtils.java:91)
11-09 23:40:55.018: W/IInputConnectionWrapper(20286): finishComposingText on inactive InputConnection
11-09 23:40:55.018: W/IInputConnectionWrapper(20286): finishComposingText on inactive InputConnection
11-09 23:40:55.749: W/IInputConnectionWrapper(20286): commitText on inactive InputConnection
11-09 23:40:57.200: W/IInputConnectionWrapper(20286): commitText on inactive InputConnection
11-09 23:40:57.631: W/GAV2(22432): Thread[GAThread,5,main]: Service unavailable (code=1), will retry.
11-09 23:40:57.631: W/ActivityManager(526): Unable to start service Intent { act=com.google.android.gms.analytics.service.START (has extras) } U=0: not found
11-09 23:40:57.631: W/ContextImpl(526): Calling a method in the system process without a qualified user: android.app.ContextImpl.startActivity:939 com.android.internal.policy.impl.PhoneWindowManager.interceptKeyBeforeDispatching:2149 com.android.server.wm.InputMonitor.interceptKeyBeforeDispatching:352 com.android.server.input.InputManagerService.interceptKeyBeforeDispatching:1329 dalvik.system.NativeStart.run:-2 
11-09 23:40:57.631: W/ContextImpl(526): Calling a method in the system process without a qualified user: android.app.ContextImpl.startActivity:951 android.app.ContextImpl.startActivity:940 com.android.internal.policy.impl.PhoneWindowManager.interceptKeyBeforeDispatching:2149 com.android.server.wm.InputMonitor.interceptKeyBeforeDispatching:352 com.android.server.input.InputManagerService.interceptKeyBeforeDispatching:1329 
11-09 23:40:57.801: W/IInputConnectionWrapper(20286): commitText on inactive InputConnection
11-09 23:40:58.061: W/IInputConnectionWrapper(20286): sendKeyEvent on inactive InputConnection
11-09 23:40:58.061: W/IInputConnectionWrapper(20286): sendKeyEvent on inactive InputConnection
11-09 23:40:59.212: W/ViewRootImpl(20286): Dropping event due to no window focus: KeyEvent { action=ACTION_DOWN, keyCode=KEYCODE_DPAD_CENTER, scanCode=0, metaState=0, flags=0x8, repeatCount=0, eventTime=57119359, downTime=57119359, deviceId=-1, source=0x101 }
11-09 23:41:00.614: W/ViewRootImpl(20286): Dropping event due to no window focus: KeyEvent { action=ACTION_DOWN, keyCode=KEYCODE_BUTTON_THUMBL, scanCode=0, metaState=0, flags=0x8, repeatCount=0, eventTime=57120844, downTime=57120844, deviceId=-1, source=0x101 }
11-09 23:41:00.634: W/ViewRootImpl(20286): Dropping event due to no window focus: KeyEvent { action=ACTION_DOWN, keyCode=KEYCODE_DPAD_CENTER, scanCode=0, metaState=0, flags=0x8, repeatCount=0, eventTime=57120844, downTime=57120844, deviceId=-1, source=0x101 }
11-09 23:41:01.245: W/IInputConnectionWrapper(20286): clearMetaKeyStates on inactive InputConnection
11-09 23:41:02.616: W/IInputConnectionWrapper(20286): commitText on inactive InputConnection
11-09 23:41:02.626: W/GAV2(22432): Thread[Service Reconnect,5,main]: Service unavailable (code=1), using local store.
11-09 23:41:02.626: W/ActivityManager(526): Unable to start service Intent { act=com.google.android.gms.analytics.service.START (has extras) } U=0: not found
11-09 23:41:02.636: W/IInputConnectionWrapper(20286): sendKeyEvent on inactive InputConnection
11-09 23:41:02.636: W/IInputConnectionWrapper(20286): sendKeyEvent on inactive InputConnection
11-09 23:41:02.786: W/IInputConnectionWrapper(20286): sendKeyEvent on inactive InputConnection
11-09 23:41:02.786: W/IInputConnectionWrapper(20286): sendKeyEvent on inactive InputConnection
11-09 23:41:04.468: W/dalvikvm(20286): threadid=1: thread exiting with uncaught exception (group=0x42076700)
11-09 23:41:04.468: E/AndroidRuntime(20286): FATAL EXCEPTION: main
11-09 23:41:04.468: E/AndroidRuntime(20286): java.lang.IllegalStateException: Fragment LoginFragment{42dd0a40} not attached to Activity
11-09 23:41:04.468: E/AndroidRuntime(20286): 	at android.support.v4.app.Fragment.getResources(Fragment.java:571)
11-09 23:41:04.468: E/AndroidRuntime(20286): 	at com.m6.gocook.base.fragment.BaseFragment.showProgress(BaseFragment.java:168)
11-09 23:41:04.468: E/AndroidRuntime(20286): 	at com.m6.gocook.biz.account.LoginFragment$UserLoginTask.onPostExecute(LoginFragment.java:260)
11-09 23:41:04.468: E/AndroidRuntime(20286): 	at com.m6.gocook.biz.account.LoginFragment$UserLoginTask.onPostExecute(LoginFragment.java:1)
11-09 23:41:04.468: E/AndroidRuntime(20286): 	at android.os.AsyncTask.finish(AsyncTask.java:631)
11-09 23:41:04.468: E/AndroidRuntime(20286): 	at android.os.AsyncTask.access$600(AsyncTask.java:177)
11-09 23:41:04.468: E/AndroidRuntime(20286): 	at android.os.AsyncTask$InternalHandler.handleMessage(AsyncTask.java:644)
11-09 23:41:04.468: E/AndroidRuntime(20286): 	at android.os.Handler.dispatchMessage(Handler.java:99)
11-09 23:41:04.468: E/AndroidRuntime(20286): 	at android.os.Looper.loop(Looper.java:137)
11-09 23:41:04.468: E/AndroidRuntime(20286): 	at android.app.ActivityThread.main(ActivityThread.java:5103)
11-09 23:41:04.468: E/AndroidRuntime(20286): 	at java.lang.reflect.Method.invokeNative(Native Method)
11-09 23:41:04.468: E/AndroidRuntime(20286): 	at java.lang.reflect.Method.invoke(Method.java:525)
11-09 23:41:04.468: E/AndroidRuntime(20286): 	at com.android.internal.os.ZygoteInit$MethodAndArgsCaller.run(ZygoteInit.java:737)
11-09 23:41:04.468: E/AndroidRuntime(20286): 	at com.android.internal.os.ZygoteInit.main(ZygoteInit.java:553)
11-09 23:41:04.468: E/AndroidRuntime(20286): 	at dalvik.system.NativeStart.main(Native Method)
11-09 23:41:04.488: W/ActivityManager(526):   Force finishing activity com.m6.gocook/.base.activity.BaseActivity
11-09 23:41:04.528: W/ViewRootImpl(526): Dropping event due to no window focus: KeyEvent { action=ACTION_DOWN, keyCode=KEYCODE_DPAD_DOWN, scanCode=0, metaState=0, flags=0x8, repeatCount=0, eventTime=57124708, downTime=57124708, deviceId=-1, source=0x101 }
11-09 23:41:05.009: W/ActivityManager(526): Activity pause timeout for ActivityRecord{42955a28 u0 com.m6.gocook/.base.activity.BaseActivity}
11-09 23:41:14.509: W/ActivityManager(526): Launch timeout has expired, giving up wake lock!
11-09 23:41:15.029: W/ActivityManager(526): Activity idle timeout for ActivityRecord{42d58090 u0 com.m6.gocook/.base.activity.BaseActivity}
11-09 23:43:00.902: E/LocSvc_eng(526): E/void loc_eng_agps_ril_update_network_availability(loc_eng_data_s_type&, int, const char*): log_eng state error: instance not initialized
11-09 23:43:00.942: W/GCM(9909): DIR: /data/data/com.google.android.gms/app_APP /data/data/com.google.android.gsf
11-09 23:43:01.123: W/ActivityManager(526): Unable to start service Intent { cmp=com.sinovatech.unicom.ui/com.sinovatech.unicom.separatemodule.networkcomplaint.PushService } U=0: not found
11-09 23:43:01.123: W/ActivityManager(526): Unable to start service Intent { cmp=com.sinovatech.unicom.ui/com.sinovatech.unicom.separatemodule.networkcomplaint.PushService } U=0: not found
11-09 23:43:02.043: W/ActivityManager(526): Scheduling restart of crashed service com.wandoujia.phoenix2.usbproxy/com.wandoujia.phoenix2.services.ConnectionService in 5000ms
11-09 23:43:02.134: W/dalvikvm(22787): VFY: unable to resolve interface method 519: Lcom/android/internal/telephony/ISms;.sendMultipartText (Ljava/lang/String;Ljava/lang/String;Ljava/util/List;Ljava/util/List;Ljava/util/List;)V
11-09 23:43:05.938: E/GcmManager(32139): Failed to subscribe to GCM group 
11-09 23:43:05.938: E/GcmManager(32139): java.io.IOException: SERVICE_NOT_AVAILABLE
11-09 23:43:05.938: E/GcmManager(32139): 	at com.google.android.gms.gcm.GoogleCloudMessaging.register(Unknown Source)
11-09 23:43:05.938: E/GcmManager(32139): 	at ebd.b(PG:106)
11-09 23:43:05.938: E/GcmManager(32139): 	at ebd.a(PG:135)
11-09 23:43:05.938: E/GcmManager(32139): 	at eax.a(PG:477)
11-09 23:43:05.938: E/GcmManager(32139): 	at eax.onPerformSync(PG:395)
11-09 23:43:05.938: E/GcmManager(32139): 	at android.content.AbstractThreadedSyncAdapter$SyncThread.run(AbstractThreadedSyncAdapter.java:254)
11-09 23:43:05.938: E/GcmManager(32139): Failed to subscribe to GCM: The registraion ID is null.
11-09 23:43:18.391: W/SystemClock(526): time going backwards: prev 109151758835485(ioctl) vs now 109151757523109(ioctl), tid=543
