11-19 20:35:18.701: W/ViewRootImpl(20421): Dropping event due to no window focus: KeyEvent { action=ACTION_DOWN, keyCode=KEYCODE_DPAD_RIGHT, scanCode=0, metaState=0, flags=0x8, repeatCount=0, eventTime=165208070, downTime=165208070, deviceId=-1, source=0x101 }
11-19 20:35:20.432: W/ContextImpl(526): Calling a method in the system process without a qualified user: android.app.ContextImpl.startActivity:939 com.android.internal.policy.impl.PhoneWindowManager.interceptKeyBeforeDispatching:2149 com.android.server.wm.InputMonitor.interceptKeyBeforeDispatching:352 com.android.server.input.InputManagerService.interceptKeyBeforeDispatching:1329 dalvik.system.NativeStart.run:-2 
11-19 20:35:20.432: W/ContextImpl(526): Calling a method in the system process without a qualified user: android.app.ContextImpl.startActivity:951 android.app.ContextImpl.startActivity:940 com.android.internal.policy.impl.PhoneWindowManager.interceptKeyBeforeDispatching:2149 com.android.server.wm.InputMonitor.interceptKeyBeforeDispatching:352 com.android.server.input.InputManagerService.interceptKeyBeforeDispatching:1329 
11-19 20:35:22.344: W/ContextImpl(526): Calling a method in the system process without a qualified user: android.app.ContextImpl.startActivity:939 com.android.internal.policy.impl.PhoneWindowManager.interceptKeyBeforeDispatching:2149 com.android.server.wm.InputMonitor.interceptKeyBeforeDispatching:352 com.android.server.input.InputManagerService.interceptKeyBeforeDispatching:1329 dalvik.system.NativeStart.run:-2 
11-19 20:35:22.344: W/ContextImpl(526): Calling a method in the system process without a qualified user: android.app.ContextImpl.startActivity:951 android.app.ContextImpl.startActivity:940 com.android.internal.policy.impl.PhoneWindowManager.interceptKeyBeforeDispatching:2149 com.android.server.wm.InputMonitor.interceptKeyBeforeDispatching:352 com.android.server.input.InputManagerService.interceptKeyBeforeDispatching:1329 
11-19 20:35:22.344: W/IntentResolver(526): resolveIntent failed: found match, but none with Intent.CATEGORY_DEFAULT
11-19 20:35:22.344: W/WindowManager(526): Dropping application launch key because the activity to which it is registered was not found: keyCode=64, category=android.intent.category.APP_BROWSER
11-19 20:35:22.344: W/WindowManager(526): android.content.ActivityNotFoundException: No Activity found to handle Intent { act=android.intent.action.MAIN cat=[android.intent.category.LAUNCHER] flg=0x10000000 sel={act=android.intent.action.MAIN cat=[android.intent.category.APP_BROWSER]} }
11-19 20:35:22.344: W/WindowManager(526): 	at android.app.Instrumentation.checkStartActivityResult(Instrumentation.java:1632)
11-19 20:35:22.344: W/WindowManager(526): 	at android.app.Instrumentation.execStartActivity(Instrumentation.java:1424)
11-19 20:35:22.344: W/WindowManager(526): 	at android.app.ContextImpl.startActivity(ContextImpl.java:958)
11-19 20:35:22.344: W/WindowManager(526): 	at android.app.ContextImpl.startActivity(ContextImpl.java:940)
11-19 20:35:22.344: W/WindowManager(526): 	at com.android.internal.policy.impl.PhoneWindowManager.interceptKeyBeforeDispatching(PhoneWindowManager.java:2149)
11-19 20:35:22.344: W/WindowManager(526): 	at com.android.server.wm.InputMonitor.interceptKeyBeforeDispatching(InputMonitor.java:352)
11-19 20:35:22.344: W/WindowManager(526): 	at com.android.server.input.InputManagerService.interceptKeyBeforeDispatching(InputManagerService.java:1329)
11-19 20:35:22.344: W/WindowManager(526): 	at dalvik.system.NativeStart.run(Native Method)
11-19 20:35:22.585: W/ContextImpl(526): Calling a method in the system process without a qualified user: android.app.ContextImpl.startActivity:939 com.android.internal.policy.impl.PhoneWindowManager.interceptKeyBeforeDispatching:2149 com.android.server.wm.InputMonitor.interceptKeyBeforeDispatching:352 com.android.server.input.InputManagerService.interceptKeyBeforeDispatching:1329 dalvik.system.NativeStart.run:-2 
11-19 20:35:22.585: W/ContextImpl(526): Calling a method in the system process without a qualified user: android.app.ContextImpl.startActivity:951 android.app.ContextImpl.startActivity:940 com.android.internal.policy.impl.PhoneWindowManager.interceptKeyBeforeDispatching:2149 com.android.server.wm.InputMonitor.interceptKeyBeforeDispatching:352 com.android.server.input.InputManagerService.interceptKeyBeforeDispatching:1329 
11-19 20:35:22.595: W/IntentResolver(526): resolveIntent failed: found match, but none with Intent.CATEGORY_DEFAULT
11-19 20:35:22.595: W/WindowManager(526): Dropping application launch key because the activity to which it is registered was not found: keyCode=64, category=android.intent.category.APP_BROWSER
11-19 20:35:22.595: W/WindowManager(526): android.content.ActivityNotFoundException: No Activity found to handle Intent { act=android.intent.action.MAIN cat=[android.intent.category.LAUNCHER] flg=0x10000000 sel={act=android.intent.action.MAIN cat=[android.intent.category.APP_BROWSER]} }
11-19 20:35:22.595: W/WindowManager(526): 	at android.app.Instrumentation.checkStartActivityResult(Instrumentation.java:1632)
11-19 20:35:22.595: W/WindowManager(526): 	at android.app.Instrumentation.execStartActivity(Instrumentation.java:1424)
11-19 20:35:22.595: W/WindowManager(526): 	at android.app.ContextImpl.startActivity(ContextImpl.java:958)
11-19 20:35:22.595: W/WindowManager(526): 	at android.app.ContextImpl.startActivity(ContextImpl.java:940)
11-19 20:35:22.595: W/WindowManager(526): 	at com.android.internal.policy.impl.PhoneWindowManager.interceptKeyBeforeDispatching(PhoneWindowManager.java:2149)
11-19 20:35:22.595: W/WindowManager(526): 	at com.android.server.wm.InputMonitor.interceptKeyBeforeDispatching(InputMonitor.java:352)
11-19 20:35:22.595: W/WindowManager(526): 	at com.android.server.input.InputManagerService.interceptKeyBeforeDispatching(InputManagerService.java:1329)
11-19 20:35:22.595: W/WindowManager(526): 	at dalvik.system.NativeStart.run(Native Method)
11-19 20:35:23.055: W/ContextImpl(526): Calling a method in the system process without a qualified user: android.app.ContextImpl.startActivity:939 com.android.internal.policy.impl.PhoneWindowManager.interceptKeyBeforeDispatching:2149 com.android.server.wm.InputMonitor.interceptKeyBeforeDispatching:352 com.android.server.input.InputManagerService.interceptKeyBeforeDispatching:1329 dalvik.system.NativeStart.run:-2 
11-19 20:35:23.055: W/ContextImpl(526): Calling a method in the system process without a qualified user: android.app.ContextImpl.startActivity:951 android.app.ContextImpl.startActivity:940 com.android.internal.policy.impl.PhoneWindowManager.interceptKeyBeforeDispatching:2149 com.android.server.wm.InputMonitor.interceptKeyBeforeDispatching:352 com.android.server.input.InputManagerService.interceptKeyBeforeDispatching:1329 
11-19 20:35:23.396: W/ContextImpl(526): Calling a method in the system process without a qualified user: android.app.ContextImpl.startActivity:939 com.android.internal.policy.impl.PhoneWindowManager.interceptKeyBeforeDispatching:2149 com.android.server.wm.InputMonitor.interceptKeyBeforeDispatching:352 com.android.server.input.InputManagerService.interceptKeyBeforeDispatching:1329 dalvik.system.NativeStart.run:-2 
11-19 20:35:23.406: W/ContextImpl(526): Calling a method in the system process without a qualified user: android.app.ContextImpl.startActivity:951 android.app.ContextImpl.startActivity:940 com.android.internal.policy.impl.PhoneWindowManager.interceptKeyBeforeDispatching:2149 com.android.server.wm.InputMonitor.interceptKeyBeforeDispatching:352 com.android.server.input.InputManagerService.interceptKeyBeforeDispatching:1329 
11-19 20:35:23.546: W/ViewRootImpl(20421): Dropping event due to no window focus: KeyEvent { action=ACTION_DOWN, keyCode=KEYCODE_MENU, scanCode=0, metaState=0, flags=0x8, repeatCount=0, eventTime=165212952, downTime=165212952, deviceId=-1, source=0x101 }
11-19 20:35:23.596: W/InputManager(526): Input event injection from pid 22104 failed.
11-19 20:35:23.846: W/ViewRootImpl(20421): Dropping event due to no window focus: KeyEvent { action=ACTION_DOWN, keyCode=KEYCODE_DPAD_LEFT, scanCode=0, metaState=0, flags=0x8, repeatCount=0, eventTime=165213040, downTime=165213040, deviceId=-1, source=0x101 }
11-19 20:35:23.926: W/ViewRootImpl(20421): Dropping event due to no window focus: KeyEvent { action=ACTION_DOWN, keyCode=KEYCODE_DPAD_RIGHT, scanCode=0, metaState=0, flags=0x8, repeatCount=0, eventTime=165213265, downTime=165213265, deviceId=-1, source=0x101 }
11-19 20:35:25.037: W/ViewRootImpl(526): Dropping event due to no window focus: KeyEvent { action=ACTION_DOWN, keyCode=KEYCODE_MENU, scanCode=0, metaState=0, flags=0x8, repeatCount=0, eventTime=165214439, downTime=165214439, deviceId=-1, source=0x101 }
11-19 20:35:25.037: W/ViewRootImpl(526): Dropping event due to no window focus: KeyEvent { action=ACTION_DOWN, keyCode=KEYCODE_MENU, scanCode=0, metaState=0, flags=0x8, repeatCount=0, eventTime=165214445, downTime=165214445, deviceId=-1, source=0x101 }
11-19 20:35:25.037: W/ViewRootImpl(526): Dropping event due to no window focus: KeyEvent { action=ACTION_DOWN, keyCode=KEYCODE_DPAD_RIGHT, scanCode=0, metaState=0, flags=0x8, repeatCount=0, eventTime=165214447, downTime=165214447, deviceId=-1, source=0x101 }
11-19 20:35:25.127: W/ViewRootImpl(526): Dropping event due to no window focus: MotionEvent { action=ACTION_MOVE, id[0]=0, x[0]=4.0, y[0]=-1.0, toolType[0]=TOOL_TYPE_UNKNOWN, buttonState=0, metaState=0, flags=0x0, edgeFlags=0x0, pointerCount=1, historySize=19, eventTime=165214465, downTime=-1, deviceId=0, source=0x10004 }
11-19 20:35:25.127: W/ViewRootImpl(526): Dropping event due to no window focus: MotionEvent { action=ACTION_DOWN, id[0]=0, x[0]=0.0, y[0]=0.0, toolType[0]=TOOL_TYPE_UNKNOWN, buttonState=0, metaState=0, flags=0x0, edgeFlags=0x0, pointerCount=1, historySize=0, eventTime=165214466, downTime=165214459, deviceId=0, source=0x10004 }
11-19 20:35:25.127: W/ViewRootImpl(526): Dropping event due to no window focus: KeyEvent { action=ACTION_DOWN, keyCode=KEYCODE_MENU, scanCode=0, metaState=0, flags=0x8, repeatCount=0, eventTime=165214468, downTime=165214468, deviceId=-1, source=0x101 }
11-19 20:35:25.458: W/InputMethodManagerService(526): Window already focused, ignoring focus gain of: com.android.internal.view.IInputMethodClient$Stub$Proxy@42f23fb0 attribute=null, token = android.os.BinderProxy@4230ef58
11-19 20:35:26.319: W/MediaThumbRequest(13582): Can't create mini thumbnail for /storage/emulated/0/Pictures/Screenshots/Screenshot_2013-11-19-20-35-25.png
11-19 20:35:27.950: W/ViewRootImpl(644): Dropping event due to no window focus: KeyEvent { action=ACTION_DOWN, keyCode=KEYCODE_DPAD_CENTER, scanCode=0, metaState=0, flags=0x8, repeatCount=0, eventTime=165217292, downTime=165217292, deviceId=-1, source=0x101 }
11-19 20:35:28.151: W/KeyguardViewMediator(526): verifyUnlock called when not externally disabled
11-19 20:35:28.191: W/KeyguardViewMediator(526): verifyUnlock called when not externally disabled
11-19 20:35:28.191: W/KeyguardViewMediator(526): verifyUnlock called when not externally disabled
11-19 20:35:28.481: W/KeyguardViewMediator(526): verifyUnlock called when not externally disabled
11-19 20:35:28.641: W/KeyguardViewMediator(526): verifyUnlock called when not externally disabled
11-19 20:35:28.711: W/KeyguardViewMediator(526): verifyUnlock called when not externally disabled
11-19 20:35:28.741: W/KeyguardViewMediator(526): verifyUnlock called when not externally disabled
11-19 20:35:28.761: W/KeyguardViewMediator(526): verifyUnlock called when not externally disabled
11-19 20:35:28.821: W/KeyguardViewMediator(526): verifyUnlock called when not externally disabled
11-19 20:35:28.861: W/KeyguardViewMediator(526): verifyUnlock called when not externally disabled
11-19 20:35:28.901: W/KeyguardViewMediator(526): verifyUnlock called when not externally disabled
11-19 20:35:29.172: W/ViewRootImpl(20421): Dropping event due to no window focus: KeyEvent { action=ACTION_DOWN, keyCode=KEYCODE_F8, scanCode=0, metaState=0, flags=0x8, repeatCount=0, eventTime=165218568, downTime=165218568, deviceId=-1, source=0x101 }
11-19 20:35:29.172: W/InputMethodManagerService(526): Window already focused, ignoring focus gain of: com.android.internal.view.IInputMethodClient$Stub$Proxy@42390678 attribute=null, token = android.os.BinderProxy@4230ef58
11-19 20:35:30.043: W/ContextImpl(526): Calling a method in the system process without a qualified user: android.app.ContextImpl.startActivity:939 com.android.internal.policy.impl.PhoneWindowManager.interceptKeyBeforeDispatching:2149 com.android.server.wm.InputMonitor.interceptKeyBeforeDispatching:352 com.android.server.input.InputManagerService.interceptKeyBeforeDispatching:1329 dalvik.system.NativeStart.run:-2 
11-19 20:35:30.043: W/ContextImpl(526): Calling a method in the system process without a qualified user: android.app.ContextImpl.startActivity:951 android.app.ContextImpl.startActivity:940 com.android.internal.policy.impl.PhoneWindowManager.interceptKeyBeforeDispatching:2149 com.android.server.wm.InputMonitor.interceptKeyBeforeDispatching:352 com.android.server.input.InputManagerService.interceptKeyBeforeDispatching:1329 
11-19 20:35:30.173: W/ContextImpl(526): Calling a method in the system process without a qualified user: android.app.ContextImpl.startActivity:939 com.android.internal.policy.impl.PhoneWindowManager.interceptKeyBeforeDispatching:2149 com.android.server.wm.InputMonitor.interceptKeyBeforeDispatching:352 com.android.server.input.InputManagerService.interceptKeyBeforeDispatching:1329 dalvik.system.NativeStart.run:-2 
11-19 20:35:30.173: W/ContextImpl(526): Calling a method in the system process without a qualified user: android.app.ContextImpl.startActivity:951 android.app.ContextImpl.startActivity:940 com.android.internal.policy.impl.PhoneWindowManager.interceptKeyBeforeDispatching:2149 com.android.server.wm.InputMonitor.interceptKeyBeforeDispatching:352 com.android.server.input.InputManagerService.interceptKeyBeforeDispatching:1329 
11-19 20:35:30.343: W/ViewRootImpl(20421): Dropping event due to no window focus: KeyEvent { action=ACTION_DOWN, keyCode=KEYCODE_NUMPAD_6, scanCode=0, metaState=0, flags=0x8, repeatCount=0, eventTime=165219619, downTime=165219619, deviceId=-1, source=0x101 }
11-19 20:35:30.343: W/ViewRootImpl(20421): Dropping event due to no window focus: KeyEvent { action=ACTION_DOWN, keyCode=KEYCODE_DPAD_RIGHT, scanCode=0, metaState=0, flags=0x8, repeatCount=0, eventTime=165219619, downTime=165219619, deviceId=-1, source=0x101 }
11-19 20:35:30.693: W/ContextImpl(526): Calling a method in the system process without a qualified user: android.app.ContextImpl.startActivity:939 com.android.internal.policy.impl.PhoneWindowManager.interceptKeyBeforeDispatching:2149 com.android.server.wm.InputMonitor.interceptKeyBeforeDispatching:352 com.android.server.input.InputManagerService.interceptKeyBeforeDispatching:1329 dalvik.system.NativeStart.run:-2 
11-19 20:35:30.693: W/ContextImpl(526): Calling a method in the system process without a qualified user: android.app.ContextImpl.startActivity:951 android.app.ContextImpl.startActivity:940 com.android.internal.policy.impl.PhoneWindowManager.interceptKeyBeforeDispatching:2149 com.android.server.wm.InputMonitor.interceptKeyBeforeDispatching:352 com.android.server.input.InputManagerService.interceptKeyBeforeDispatching:1329 
11-19 20:35:30.733: W/dalvikvm(20421): threadid=1: thread exiting with uncaught exception (group=0x4158d700)
11-19 20:35:30.733: E/AndroidRuntime(20421): FATAL EXCEPTION: main
11-19 20:35:30.733: E/AndroidRuntime(20421): java.lang.NullPointerException
11-19 20:35:30.733: E/AndroidRuntime(20421): 	at com.m6.gocook.biz.recipe.recipe.RecipeFragment$4.onClick(RecipeFragment.java:328)
11-19 20:35:30.733: E/AndroidRuntime(20421): 	at android.view.View.performClick(View.java:4240)
11-19 20:35:30.733: E/AndroidRuntime(20421): 	at android.view.View$PerformClick.run(View.java:17721)
11-19 20:35:30.733: E/AndroidRuntime(20421): 	at android.os.Handler.handleCallback(Handler.java:730)
11-19 20:35:30.733: E/AndroidRuntime(20421): 	at android.os.Handler.dispatchMessage(Handler.java:92)
11-19 20:35:30.733: E/AndroidRuntime(20421): 	at android.os.Looper.loop(Looper.java:137)
11-19 20:35:30.733: E/AndroidRuntime(20421): 	at android.app.ActivityThread.main(ActivityThread.java:5103)
11-19 20:35:30.733: E/AndroidRuntime(20421): 	at java.lang.reflect.Method.invokeNative(Native Method)
11-19 20:35:30.733: E/AndroidRuntime(20421): 	at java.lang.reflect.Method.invoke(Method.java:525)
11-19 20:35:30.733: E/AndroidRuntime(20421): 	at com.android.internal.os.ZygoteInit$MethodAndArgsCaller.run(ZygoteInit.java:737)
11-19 20:35:30.733: E/AndroidRuntime(20421): 	at com.android.internal.os.ZygoteInit.main(ZygoteInit.java:553)
11-19 20:35:30.733: E/AndroidRuntime(20421): 	at dalvik.system.NativeStart.main(Native Method)
11-19 20:35:30.743: W/ActivityManager(526):   Force finishing activity com.m6.gocook/.base.activity.BaseActivity
11-19 20:35:30.904: W/ActivityManager(526):   Force finishing activity com.m6.gocook/.base.activity.BaseActivity
11-19 20:35:31.504: W/ActivityManager(526): Activity pause timeout for ActivityRecord{42c64d60 u0 com.m6.gocook/.base.activity.BaseActivity}
11-19 20:35:32.175: W/MediaThumbRequest(13582): Can't create mini thumbnail for /storage/emulated/0/Pictures/Screenshots/Screenshot_2013-11-19-20-35-30.png
11-19 20:35:39.633: W/InputMethodManagerService(526): Got RemoteException sending setActive(false) notification to pid 20421 uid 10101
